// Bun Snapshot v1, https://bun.sh/docs/test/snapshots

exports[`The gitlab formatter should return gitlab formatted reports about the given files 1`] = `
[
  {
    "check_name": "prettier",
    "description": "Replace ⏎⏎⏎⏎⏎⏎function·foo(·arg··)·{⏎⏎ with function·foo(arg)·{",
    "fingerprint": "c38522eb22f56c446d6b78774d940d24",
    "location": {
      "lines": {
        "begin": 3,
        "end": 11,
      },
      "path": "test/__stubs__/dirty.js",
    },
    "severity": "minor",
    "type": "issue",
  },
  {
    "check_name": "prettier",
    "description": "Delete ⏎⏎⏎",
    "fingerprint": "f312c866f5c2332c733d2de24b9efa0f",
    "location": {
      "lines": {
        "begin": 12,
        "end": 15,
      },
      "path": "test/__stubs__/dirty.js",
    },
    "severity": "minor",
    "type": "issue",
  },
]
`;

exports[`The gitlab formatter should handle files with syntax errors 1`] = `
[
  {
    "check_name": "prettier",
    "description": 
"SyntaxError: Unexpected token, expected "(" (3:13)
  1 | /* eslint-disable */
  2 |
> 3 | function foo#####( arg  ) {
    |             ^
  4 |   return arg;
  5 | }
  6 |"
,
    "fingerprint": "462882d90971b8c9dcaaa2b4d74d1da6",
    "location": {
      "path": "test/__stubs__/syntax-error.js",
    },
    "severity": "major",
    "type": "issue",
  },
]
`;
