// Bun Snapshot v1, https://goo.gl/fbAQLP

exports[`The prettierFormatterGitLab function should work with the \`-c\` or \`-l\` flag 1`] = `
[
  [
    
"----------------------------------------------------
test/__stubs__/dirty-2.js
----------------------------------------------------
@@ -1,7 +1,7 @@
  /* eslint-disable */

- function foo( arg  ) {
+ function foo(arg) {
    const data = arg.split(',');
-   const message = \`Cras non justo iaculis, placerat tortor non, venenatis neque. Vestibulum ante ipsum primis in faucibus orci luctus et ultrices posuere cubilia curae; Nullam ut neque a justo efficitur tristique. Aliquam consequat convallis sagittis. Curabitur venenatis imperdiet fermentum. Curabitur euismod sit amet mi eu tristique. Phasellus leo nisi, tempor efficitur laoreet vitae, rutrum id justo. Nullam ac mi vehicula, rhoncus turpis a, mattis odio. Donec id condimentum metus. Vivamus posuere libero nec orci volutpat, in euismod dolor ornare. Cras tincidunt gravida ante, sed dictum nulla posuere ut.\`
+   const message = \`Cras non justo iaculis, placerat tortor non, venenatis neque. Vestibulum ante ipsum primis in faucibus orci luctus et ultrices posuere cubilia curae; Nullam ut neque a justo efficitur tristique. Aliquam consequat convallis sagittis. Curabitur venenatis imperdiet fermentum. Curabitur euismod sit amet mi eu tristique. Phasellus leo nisi, tempor efficitur laoreet vitae, rutrum id justo. Nullam ac mi vehicula, rhoncus turpis a, mattis odio. Donec id condimentum metus. Vivamus posuere libero nec orci volutpat, in euismod dolor ornare. Cras tincidunt gravida ante, sed dictum nulla posuere ut.\`;
    return data;
  }
"
,
  ],
  [
    
"----------------------------------------------------
test/__stubs__/dirty.js
----------------------------------------------------
@@ -1,18 +1,7 @@
  /* eslint-disable */

-
-
-
-
-
-
- function foo( arg  ) {
+ function foo(arg) {
-
-
    const data = arg.split(',');

-
-
-
    return data;
  }
"
,
  ],
  [
    
"----------------------------------------------------
test/__stubs__/syntax-error.js
----------------------------------------------------
SyntaxError: Unexpected token, expected "(" (3:13)
\x1B[0m \x1B[90m 1 |\x1B[39m \x1B[90m/* eslint-disable */\x1B[39m
 \x1B[90m 2 |\x1B[39m
\x1B[31m\x1B[1m>\x1B[22m\x1B[39m\x1B[90m 3 |\x1B[39m \x1B[36mfunction\x1B[39m foo\x1B[33m#\x1B[39m\x1B[33m#\x1B[39m\x1B[33m#\x1B[39m\x1B[33m#\x1B[39m\x1B[33m#\x1B[39m( arg  ) {
 \x1B[90m   |\x1B[39m             \x1B[31m\x1B[1m^\x1B[22m\x1B[39m
 \x1B[90m 4 |\x1B[39m   \x1B[36mreturn\x1B[39m arg\x1B[33m;\x1B[39m
 \x1B[90m 5 |\x1B[39m }
 \x1B[90m 6 |\x1B[39m\x1B[0m
"
,
  ],
  [
    
"----------------------------------------------------
test/__stubs__/syntax-error.js
----------------------------------------------------
SyntaxError: Unexpected token, expected "(" (3:13)
\x1B[0m \x1B[90m 1 |\x1B[39m \x1B[90m/* eslint-disable */\x1B[39m
 \x1B[90m 2 |\x1B[39m
\x1B[31m\x1B[1m>\x1B[22m\x1B[39m\x1B[90m 3 |\x1B[39m \x1B[36mfunction\x1B[39m foo\x1B[33m#\x1B[39m\x1B[33m#\x1B[39m\x1B[33m#\x1B[39m\x1B[33m#\x1B[39m\x1B[33m#\x1B[39m( arg  ) {
 \x1B[90m   |\x1B[39m             \x1B[31m\x1B[1m^\x1B[22m\x1B[39m
 \x1B[90m 4 |\x1B[39m   \x1B[36mreturn\x1B[39m arg\x1B[33m;\x1B[39m
 \x1B[90m 5 |\x1B[39m }
 \x1B[90m 6 |\x1B[39m\x1B[0m
"
,
  ],
  [
    
"----------------------------------------------------
test/__stubs__/dirty-2.js
----------------------------------------------------
@@ -1,7 +1,7 @@
  /* eslint-disable */

- function foo( arg  ) {
+ function foo(arg) {
    const data = arg.split(',');
-   const message = \`Cras non justo iaculis, placerat tortor non, venenatis neque. Vestibulum ante ipsum primis in faucibus orci luctus et ultrices posuere cubilia curae; Nullam ut neque a justo efficitur tristique. Aliquam consequat convallis sagittis. Curabitur venenatis imperdiet fermentum. Curabitur euismod sit amet mi eu tristique. Phasellus leo nisi, tempor efficitur laoreet vitae, rutrum id justo. Nullam ac mi vehicula, rhoncus turpis a, mattis odio. Donec id condimentum metus. Vivamus posuere libero nec orci volutpat, in euismod dolor ornare. Cras tincidunt gravida ante, sed dictum nulla posuere ut.\`
+   const message = \`Cras non justo iaculis, placerat tortor non, venenatis neque. Vestibulum ante ipsum primis in faucibus orci luctus et ultrices posuere cubilia curae; Nullam ut neque a justo efficitur tristique. Aliquam consequat convallis sagittis. Curabitur venenatis imperdiet fermentum. Curabitur euismod sit amet mi eu tristique. Phasellus leo nisi, tempor efficitur laoreet vitae, rutrum id justo. Nullam ac mi vehicula, rhoncus turpis a, mattis odio. Donec id condimentum metus. Vivamus posuere libero nec orci volutpat, in euismod dolor ornare. Cras tincidunt gravida ante, sed dictum nulla posuere ut.\`;
    return data;
  }
"
,
  ],
  [
    
"----------------------------------------------------
test/__stubs__/dirty.js
----------------------------------------------------
@@ -1,18 +1,7 @@
  /* eslint-disable */

-
-
-
-
-
-
- function foo( arg  ) {
+ function foo(arg) {
-
-
    const data = arg.split(',');

-
-
-
    return data;
  }
"
,
  ],
  [
    
"----------------------------------------------------
test/__stubs__/syntax-error.js
----------------------------------------------------
SyntaxError: Unexpected token, expected "(" (3:13)
\x1B[0m \x1B[90m 1 |\x1B[39m \x1B[90m/* eslint-disable */\x1B[39m
 \x1B[90m 2 |\x1B[39m
\x1B[31m\x1B[1m>\x1B[22m\x1B[39m\x1B[90m 3 |\x1B[39m \x1B[36mfunction\x1B[39m foo\x1B[33m#\x1B[39m\x1B[33m#\x1B[39m\x1B[33m#\x1B[39m\x1B[33m#\x1B[39m\x1B[33m#\x1B[39m( arg  ) {
 \x1B[90m   |\x1B[39m             \x1B[31m\x1B[1m^\x1B[22m\x1B[39m
 \x1B[90m 4 |\x1B[39m   \x1B[36mreturn\x1B[39m arg\x1B[33m;\x1B[39m
 \x1B[90m 5 |\x1B[39m }
 \x1B[90m 6 |\x1B[39m\x1B[0m
"
,
  ],
]
`;
